topic3/up.png-C:/Users/yzqlwt/Documents/WorkSpace/cocos-ui/mangomath-ui/cocosstudio/res/ui/games/game411/skin01/-C:/Users/yzqlwt/Documents/WorkSpace/cocos-ui/mangomath-ui/cocosstudio/res/ui/games/game411/skin01/topic3/up.png